[backblue.gif]
[fade.gif]
[index.html]
[ajax.googleapis.com/ajax/libs/jquery/1.8/jquery.min.js]
[ajax.googleapis.com/ajax/libs/jqueryui/1.10.4/jquery-ui.min.js]
[www.hummusmed.com/assets/js/script.js]
[www.hummusmed.com/assets/fancybox/jquery.fancybox.pack.js]
[www.hummusmed.com/assets/fancybox/helpers/jquery.fancybox-thumbs.js]
[www.hummusmed.com/assets/images/logo.png]
[www.hummusmed.com/files/Hummus_Catering_Menu_8.5x11_v4 (1).pdf]
[www.hummusmed.com/assets/images/social_facebook.png]
[www.hummusmed.com/assets/images/social_yelp.png]
[www.hummusmed.com/files/ACPlates.jpg]
[www.hummusmed.com/files/Appetizers.jpg]
[www.hummusmed.com/files/Desserts.jpg]
[www.hummusmed.com/files/Drinks.jpg]
[www.hummusmed.com/files/HousePlate/HousePlates1.jpg]
[www.hummusmed.com/files/Hummus.jpg]
[www.hummusmed.com/files/PF.jpg]
[www.hummusmed.com/files/Salads.jpg]
[www.hummusmed.com/files/SideOrders.jpg]
[www.hummusmed.com/files/Soup.jpg]
[www.hummusmed.com/files/Wraps.jpg]
[www.hummusmed.com/files/HousePlate/HousePlates2.jpg]
[www.hummusmed.com/uploads/articles/2528_416279475133944_1825880242_n.jpg]
[www.hummusmed.com/site/uploads/articles/thumb/2528_416279475133944_1825880242_n.jpg]
[www.hummusmed.com/uploads/articles/16019_416279661800592_1299503429_n.jpg]
[www.hummusmed.com/site/uploads/articles/thumb/16019_416279661800592_1299503429_n.jpg]
[www.hummusmed.com/uploads/articles/62818_416279981800560_1287414902_n.jpg]
[www.hummusmed.com/site/uploads/articles/thumb/62818_416279981800560_1287414902_n.jpg]
[www.hummusmed.com/uploads/articles/65374_413791288716096_2095028476_n.jpg]
[www.hummusmed.com/site/uploads/articles/thumb/65374_413791288716096_2095028476_n.jpg]
[www.hummusmed.com/uploads/articles/72631_416279635133928_694303987_n.jpg]
[www.hummusmed.com/site/uploads/articles/thumb/72631_416279635133928_694303987_n.jpg]
[www.hummusmed.com/uploads/articles/425173_413786355383256_963313194_n.jpg]
[www.hummusmed.com/site/uploads/articles/thumb/425173_413786355383256_963313194_n.jpg]
[www.hummusmed.com/uploads/articles/524530_416279538467271_1949984741_n.jpg]
[www.hummusmed.com/site/uploads/articles/thumb/524530_416279538467271_1949984741_n.jpg]
[www.hummusmed.com/uploads/articles/533329_416279555133936_834247641_n.jpg]
[www.hummusmed.com/site/uploads/articles/thumb/533329_416279555133936_834247641_n.jpg]
[www.hummusmed.com/uploads/articles/547588_416279991800559_240862726_n.jpg]
[www.hummusmed.com/site/uploads/articles/thumb/547588_416279991800559_240862726_n.jpg]
[www.hummusmed.com/uploads/articles/558102_416279508467274_1514060507_n.jpg]
[www.hummusmed.com/site/uploads/articles/thumb/558102_416279508467274_1514060507_n.jpg]
[www.hummusmed.com/uploads/articles/559062_416279611800597_162318108_n.jpg]
[www.hummusmed.com/site/uploads/articles/thumb/559062_416279611800597_162318108_n.jpg]
[www.hummusmed.com/uploads/articles/10458867_649833805111842_6544493875547847278_n.jpg]
[www.hummusmed.com/site/uploads/articles/thumb/10458867_649833805111842_6544493875547847278_n.jpg]
[www.hummusmed.com/uploads/articles/10514662_649836491778240_8288668995366032226_n.jpg]
[www.hummusmed.com/site/uploads/articles/thumb/10514662_649836491778240_8288668995366032226_n.jpg]
[www.hummusmed.com/uploads/articles/10583896_649836745111548_3897936028405684015_n.jpg]
[www.hummusmed.com/site/uploads/articles/thumb/10583896_649836745111548_3897936028405684015_n.jpg]
[www.hummusmed.com/uploads/articles/o_1apbuh511abc1cmlp2t19op1vpt1u.jpg]
[www.hummusmed.com/site/uploads/articles/thumb/o_1apbuh511abc1cmlp2t19op1vpt1u.jpg]
[www.hummusmed.com/assets/slideshow/frontpage/slide1.jpg]
[www.hummusmed.com/assets/slideshow/frontpage/slide2.jpg]
[www.hummusmed.com/assets/slideshow/frontpage/slide3.jpg]
[www.hummusmed.com/assets/slideshow/frontpage/slide4.jpg]
[www.hummusmed.com/assets/slideshow/frontpage/slide5.jpg]
[www.hummusmed.com/index.html]
[www.hummusmed.com/index-2.html]
[www.hummusmed.com/HummusMK/assets/images/logo_big.html]
[www.hummusmed.com/assets/images/favicon.html]
[www.hummusmed.com/assets/images/background_1.jpg]
[www.hummusmed.com/assets/images/loading.png]
[www.hummusmed.com/assets/images/social.png]
[www.hummusmed.com/assets/css/style.css]
[www.hummusmed.com/assets/fancybox/fancybox_sprite.png]
[www.hummusmed.com/assets/fancybox/fancybox_loading.gif]
[www.hummusmed.com/assets/fancybox/blank.gif]
[www.hummusmed.com/assets/fancybox/fancybox_overlay.png]
[www.hummusmed.com/assets/fancybox/fancybox_sprite@2x.png]
[www.hummusmed.com/assets/fancybox/fancybox_loading@2x.gif]
[www.hummusmed.com/assets/fancybox/jquery.fancybox.css]
[www.hummusmed.com/assets/fancybox/helpers/jquery.fancybox-thumbs.css]
[www.hummusmed.com/assets/images/ref.html]
